// Jest Snapshot v1, https://goo.gl/fbAQLP

exports[`Tests on <GifGridItem /> should show <GifGridItem /> correctly 1`] = `
<figure
  className="card animate__animated animate__fadeIn"
>
  <img
    alt="Gif title"
    src="https://gifUrl.com"
  />
  <figcaption>
    Gif title
  </figcaption>
</figure>
`;
